
Running 1 test using 1 worker

[1A[2K[1/1] [chromium] › e2e\retro-flow.spec.ts:18:5 › Retro Workflow with AI › Complete Retro Cycle: Create -> Submit (Both) -> Reveal
[1A[2K[chromium] › e2e\retro-flow.spec.ts:18:5 › Retro Workflow with AI › Complete Retro Cycle: Create -> Submit (Both) -> Reveal
PAGE1 LOG: [vite] connecting...

[1A[2KPAGE1 LOG: [vite] connected.

[1A[2K  1) [chromium] › e2e\retro-flow.spec.ts:18:5 › Retro Workflow with AI › Complete Retro Cycle: Create -> Submit (Both) -> Reveal 

    Error: [2mexpect([22m[31mpage[39m[2m).[22mtoHaveURL[2m([22m[32mexpected[39m[2m)[22m failed

    Expected: [32m"http://localhost:5173/"[39m
    Received: [31m"http://localhost:5173/[7m?autologin=alex28786@gmail.com/Doffel%266128[27m"[39m
    Timeout:  15000ms

    Call log:
    [2m  - Expect "toHaveURL" with timeout 15000ms[22m
    [2m    18 × unexpected value "http://localhost:5173/?autologin=alex28786@gmail.com/Doffel%266128"[22m


       8 |     const loginAlex = async (page: any) => {
       9 |         await page.goto('/?autologin=alex28786@gmail.com/Doffel%266128');
    > 10 |         await expect(page).toHaveURL('/', { timeout: 15000 });
         |                            ^
      11 |     };
      12 |
      13 |     const loginTiff = async (page: any) => {
        at loginAlex (C:\Users\VOEGELEA\sandbox\the-reef\e2e\retro-flow.spec.ts:10:28)
        at C:\Users\VOEGELEA\sandbox\the-reef\e2e\retro-flow.spec.ts:23:9

    attachment #1: screenshot (image/png) ──────────────────────────────────────────────────────────
    test-results\retro-flow-Retro-Workflow--963e0-eate---Submit-Both---Reveal-chromium\test-failed-1.png
    ────────────────────────────────────────────────────────────────────────────────────────────────


[1A[2K  1 failed
    [chromium] › e2e\retro-flow.spec.ts:18:5 › Retro Workflow with AI › Complete Retro Cycle: Create -> Submit (Both) -> Reveal 
